<?xml version="1.0" encoding="utf-8"?>
<testsuites>
  <testsuite id="0" name="cargo test #0" package="testsuite/cargo test #0" tests="1" errors="0" failures="0" hostname="localhost" timestamp="2023-08-18T11:58:32.568992Z" time="0">
    <testcase name="success" time="0" classname="tests" />
  </testsuite>
  <testsuite id="1" name="cargo test #1" package="testsuite/cargo test #1" tests="0" errors="0" failures="0" hostname="localhost" timestamp="2023-08-18T11:58:32.568992Z" time="0" />
</testsuites>
