<?xml version="1.0" encoding="utf-8"?>
<testsuites>
  <testsuite id="0" name="cargo test #0" package="testsuite/cargo test #0" tests="1" errors="0" failures="0" hostname="localhost" timestamp="2023-08-18T11:58:33.727705Z" time="0">
    <testcase name="long_execution_time" time="0" classname="tests" />
  </testsuite>
</testsuites>
